[DEPRECATION] Rack::Attack.throttled_response is deprecated. Please use Rack::Attack.throttled_responder instead
DEBUG STATS BODY: {"success":true,"data":{"total_sales_count":1,"total_sales_value":90.0,"total_commission":9.0,"pending_commission":9.0,"active_coupons":1},"status":200}
FDEBUG SALES ERROR: {"error":"ERROR - API POLEMK: undefined method `page' for #<ActiveRecord::Relation [#<Purchase id: 544, identifier: \"PUR4\", plan_id: 1316, consumer_name: nil, consumer_email: nil, consumer_cpf_cnpj: nil, consumer_whatsapp: nil, plan_name: nil, asaas_id: nil, customer_id: nil, billing_type: \"CREDIT_CARD\", cycle: \"UNIQUE\", value: 0.9e2, next_due_date: nil, end_date: nil, description: nil, status: \"PENDING\", payment_id: \"PAY_X6TQ8Q\", asaas_data: nil, webhook_data: nil, payment_data: nil, sort_order: 0, is_active: true, created_at: \"2026-01-29 21:13:25.333289000 -0300\", updated_at: \"2026-01-29 21:13:25.333289000 -0300\", installment_count: nil, user_id: \"98391f42-6907-44f6-832e-f69e119aba3d\", coupon_id: \"238abeec-fab7-4820-864a-dab9fa6ff8bd\", commission_value: 0.9e1, commission_percentage: nil, smart_id: nil>, #<Purchase id: 543, identifier: \"PUR3\", plan_id: 1316, consumer_name: nil, consumer_email: nil, consumer_cpf_cnpj: nil, consumer_whatsapp: nil, plan_name: nil, asaas_id: nil, customer_id: nil, billing_type: \"CREDIT_CARD\", cycle: \"UNIQUE\", value: 0.9e2, next_due_date: nil, end_date: nil, description: nil, status: \"DONE\", payment_id: \"PAY_EAHBUW\", asaas_data: nil, webhook_data: nil, payment_data: nil, sort_order: 0, is_active: true, created_at: \"2026-01-29 21:13:25.326254000 -0300\", updated_at: \"2026-01-29 21:13:25.326254000 -0300\", installment_count: nil, user_id: \"2ec89d97-8244-48c1-91c6-17eddb37da82\", coupon_id: \"238abeec-fab7-4820-864a-dab9fa6ff8bd\", commission_value: 0.9e1, commission_percentage: nil, smart_id: nil>]> <br/> \n BACKTRACE: /home/vinao/.rvm/gems/ruby-3.2.3/gems/activerecord-8.0.4/lib/active_record/relation/delegation.rb:133:in `method_missing'\n/home/vinao/workspace/ai9/backend/app/controllers/api/v1/partner/dashboard.rb:53:in `block (2 levels) in <class:Dashboard>'\n/home/vinao/.rvm/gems/ruby-3.2.3/gems/grape-3.0.0/lib/grape/endpoint.rb:247:in `instance_exec'\n/home/vinao/.rvm/gems/ruby-3.2.3/gems/grape-3.0.0/lib/grape/endpoint.rb:247:in `block in execute'\n/home/vinao/.rvm/gems/ruby-3.2.3/gems/activesupport-8.0.4/lib/active_support/notifications.rb:212:in `instrument'\n/home/vinao/.rvm/gems/ruby-3.2.3/gems/grape-3.0.0/lib/grape/endpoint.rb:246:in `execute'\n/home/vinao/.rvm/gems/ruby-3.2.3/gems/grape-3.0.0/lib/grape/endpoint.rb:224:in `block in run'\n/home/vinao/.rvm/gems/ruby-3.2.3/gems/activesupport-8.0.4/lib/active_support/notifications.rb:212:in `instrument'\n/home/vinao/.rvm/gems/ruby-3.2.3/gems/grape-3.0.0/lib/grape/endpoint.rb:207:in `run'\n/home/vinao/.rvm/gems/ruby-3.2.3/gems/grape-3.0.0/lib/grape/endpoint.rb:354:in `block in build_stack'\n/home/vinao/.rvm/gems/ruby-3.2.3/gems/grape-3.0.0/lib/grape/middleware/base.rb:26:in `call!'\n/home/vinao/.rvm/gems/ruby-3.2.3/gems/grape-3.0.0/lib/grape/middleware/base.rb:19:in `call'\n/home/vinao/.rvm/gems/ruby-3.2.3/gems/grape-3.0.0/lib/grape/middleware/base.rb:26:in `call!'\n/home/vinao/.rvm/gems/ruby-3.2.3/gems/grape-3.0.0/lib/grape/middleware/base.rb:19:in `call'\n/home/vinao/.rvm/gems/ruby-3.2.3/gems/grape-3.0.0/lib/grape/middleware/error.rb:21:in `block in call!'\n/home/vinao/.rvm/gems/ruby-3.2.3/gems/grape-3.0.0/lib/grape/middleware/error.rb:21:in `catch'\n/home/vinao/.rvm/gems/ruby-3.2.3/gems/grape-3.0.0/lib/grape/middleware/error.rb:21:in `call!'\n/home/vinao/.rvm/gems/ruby-3.2.3/gems/grape-3.0.0/lib/grape/middleware/base.rb:19:in `call'\n/home/vinao/.rvm/gems/ruby-3.2.3/gems/rack-3.2.4/lib/rack/head.rb:15:in `call'\n/home/vinao/.rvm/gems/ruby-3.2.3/gems/grape-3.0.0/lib/grape/endpoint.rb:182:in `call!'\n/home/vinao/.rvm/gems/ruby-3.2.3/gems/grape-3.0.0/lib/grape/endpoint.rb:174:in `call'\n/home/vinao/.rvm/gems/ruby-3.2.3/gems/grape-3.0.0/lib/grape/router/route.rb:27:in `exec'\n/home/vinao/.rvm/gems/ruby-3.2.3/gems/grape-3.0.0/lib/grape/router.rb:140:in `process_route'\n/home/vinao/.rvm/gems/ruby-3.2.3/gems/grape-3.0.0/lib/grape/router.rb:87:in `block in identity'\n/home/vinao/.rvm/gems/ruby-3.2.3/gems/grape-3.0.0/lib/grape/router.rb:120:in `transaction'\n/home/vinao/.rvm/gems/ruby-3.2.3/gems/grape-3.0.0/lib/grape/router.rb:85:in `identity'\n/home/vinao/.rvm/gems/ruby-3.2.3/gems/grape-3.0.0/lib/grape/router.rb:69:in `block in call'\n/home/vinao/.rvm/gems/ruby-3.2.3/gems/grape-3.0.0/lib/grape/router.rb:156:in `with_optimization'\n/home/vinao/.rvm/gems/ruby-3.2.3/gems/grape-3.0.0/lib/grape/router.rb:68:in `call'\n/home/vinao/.rvm/gems/ruby-3.2.3/gems/grape-3.0.0/lib/grape/api/instance.rb:143:in `call'\n/home/vinao/.rvm/gems/ruby-3.2.3/gems/grape-3.0.0/lib/grape/api/instance.rb:75:in `call!'\n/home/vinao/.rvm/gems/ruby-3.2.3/gems/grape-3.0.0/lib/grape/api/instance.rb:70:in `call'\n/home/vinao/.rvm/rubies/ruby-3.2.3/lib/ruby/3.2.0/forwardable.rb:240:in `call'\n/home/vinao/.rvm/gems/ruby-3.2.3/gems/actionpack-8.0.4/lib/action_dispatch/routing/mapper.rb:33:in `block in <class:Constraints>'\n/home/vinao/.rvm/gems/ruby-3.2.3/gems/actionpack-8.0.4/lib/action_dispatch/routing/mapper.rb:62:in `serve'\n/home/vinao/.rvm/gems/ruby-3.2.3/gems/actionpack-8.0.4/lib/action_dispatch/journey/router.rb:53:in `block in serve'\n/home/vinao/.rvm/gems/ruby-3.2.3/gems/actionpack-8.0.4/lib/action_dispatch/journey/router.rb:133:in `block in find_routes'\n/home/vinao/.rvm/gems/ruby-3.2.3/gems/actionpack-8.0.4/lib/action_dispatch/journey/router.rb:126:in `each'\n/home/vinao/.rvm/gems/ruby-3.2.3/gems/actionpack-8.0.4/lib/action_dispatch/journey/router.rb:126:in `find_routes'\n/home/vinao/.rvm/gems/ruby-3.2.3/gems/actionpack-8.0.4/lib/action_dispatch/journey/router.rb:34:in `serve'\n/home/vinao/.rvm/gems/ruby-3.2.3/gems/actionpack-8.0.4/lib/action_dispatch/routing/route_set.rb:908:in `call'\n/home/vinao/.rvm/gems/ruby-3.2.3/gems/omniauth-2.1.4/lib/omniauth/strategy.rb:202:in `call!'\n/home/vinao/.rvm/gems/ruby-3.2.3/gems/omniauth-2.1.4/lib/omniauth/strategy.rb:169:in `call'\n/home/vinao/.rvm/gems/ruby-3.2.3/gems/omniauth-2.1.4/lib/omniauth/strategy.rb:202:in `call!'\n/home/vinao/.rvm/gems/ruby-3.2.3/gems/omniauth-2.1.4/lib/omniauth/strategy.rb:169:in `call'\n/home/vinao/.rvm/gems/ruby-3.2.3/gems/rack-attack-6.8.0/lib/rack/attack.rb:112:in `call'\n/home/vinao/.rvm/gems/ruby-3.2.3/gems/warden-jwt_auth-0.12.0/lib/warden/jwt_auth/middleware/token_dispatcher.rb:20:in `call'\n/home/vinao/.rvm/gems/ruby-3.2.3/gems/warden-jwt_auth-0.12.0/lib/warden/jwt_auth/middleware/revocation_manager.rb:21:in `call'\n/home/vinao/.rvm/gems/ruby-3.2.3/gems/rack-3.2.4/lib/rack/builder.rb:283:in `call'\n/home/vinao/.rvm/gems/ruby-3.2.3/gems/warden-jwt_auth-0.12.0/lib/warden/jwt_auth/middleware.rb:22:in `call'\n/home/vinao/.rvm/gems/ruby-3.2.3/gems/rack-session-2.1.1/lib/rack/session/abstract/id.rb:274:in `context'\n/home/vinao/.rvm/gems/ruby-3.2.3/gems/rack-session-2.1.1/lib/rack/session/abstract/id.rb:268:in `call'\n/home/vinao/.rvm/gems/ruby-3.2.3/gems/actionpack-8.0.4/lib/action_dispatch/middleware/cookies.rb:706:in `call'\n/home/vinao/.rvm/gems/ruby-3.2.3/gems/warden-1.2.9/lib/warden/manager.rb:36:in `block in call'\n/home/vinao/.rvm/gems/ruby-3.2.3/gems/warden-1.2.9/lib/warden/manager.rb:34:in `catch'\n/home/vinao/.rvm/gems/ruby-3.2.3/gems/warden-1.2.9/lib/warden/manager.rb:34:in `call'\n/home/vinao/.rvm/gems/ruby-3.2.3/gems/rack-3.2.4/lib/rack/etag.rb:29:in `call'\n/home/vinao/.rvm/gems/ruby-3.2.3/gems/rack-3.2.4/lib/rack/conditional_get.rb:31:in `call'\n/home/vinao/.rvm/gems/ruby-3.2.3/gems/rack-3.2.4/lib/rack/head.rb:15:in `call'\n/home/vinao/.rvm/gems/ruby-3.2.3/gems/actionpack-8.0.4/lib/action_dispatch/middleware/callbacks.rb:31:in `block in call'\n/home/vinao/.rvm/gems/ruby-3.2.3/gems/activesupport-8.0.4/lib/active_support/callbacks.rb:100:in `run_callbacks'\n/home/vinao/.rvm/gems/ruby-3.2.3/gems/actionpack-8.0.4/lib/action_dispatch/middleware/callbacks.rb:30:in `call'\n/home/vinao/.rvm/gems/ruby-3.2.3/gems/actionpack-8.0.4/lib/action_dispatch/middleware/actionable_exceptions.rb:18:in `call'\n/home/vinao/.rvm/gems/ruby-3.2.3/gems/actionpack-8.0.4/lib/action_dispatch/middleware/debug_exceptions.rb:31:in `call'\n/home/vinao/.rvm/gems/ruby-3.2.3/gems/actionpack-8.0.4/lib/action_dispatch/middleware/show_exceptions.rb:32:in `call'\n/home/vinao/.rvm/gems/ruby-3.2.3/gems/railties-8.0.4/lib/rails/rack/logger.rb:41:in `call_app'\n/home/vinao/.rvm/gems/ruby-3.2.3/gems/railties-8.0.4/lib/rails/rack/logger.rb:29:in `call'\n/home/vinao/.rvm/gems/ruby-3.2.3/gems/actionpack-8.0.4/lib/action_dispatch/middleware/remote_ip.rb:96:in `call'\n/home/vinao/.rvm/gems/ruby-3.2.3/gems/request_store-1.7.0/lib/request_store/middleware.rb:19:in `call'\n/home/vinao/.rvm/gems/ruby-3.2.3/gems/actionpack-8.0.4/lib/action_dispatch/middleware/request_id.rb:34:in `call'\n/home/vinao/.rvm/gems/ruby-3.2.3/gems/rack-3.2.4/lib/rack/runtime.rb:24:in `call'\n/home/vinao/.rvm/gems/ruby-3.2.3/gems/actionpack-8.0.4/lib/action_dispatch/middleware/executor.rb:16:in `call'\n/home/vinao/.rvm/gems/ruby-3.2.3/gems/actionpack-8.0.4/lib/action_dispatch/middleware/static.rb:27:in `call'\n/home/vinao/.rvm/gems/ruby-3.2.3/gems/rack-3.2.4/lib/rack/sendfile.rb:131:in `call'\n/home/vinao/.rvm/gems/ruby-3.2.3/gems/rack-cors-3.0.0/lib/rack/cors.rb:102:in `call'\n/home/vinao/.rvm/gems/ruby-3.2.3/gems/rack-cors-3.0.0/lib/rack/cors.rb:102:in `call'\n/home/vinao/.rvm/gems/ruby-3.2.3/gems/railties-8.0.4/lib/rails/engine.rb:535:in `call'\n/home/vinao/.rvm/gems/ruby-3.2.3/gems/rack-test-2.2.0/lib/rack/test.rb:360:in `process_request'\n/home/vinao/.rvm/gems/ruby-3.2.3/gems/rack-test-2.2.0/lib/rack/test.rb:153:in `request'\n/home/vinao/.rvm/gems/ruby-3.2.3/gems/actionpack-8.0.4/lib/action_dispatch/testing/integration.rb:297:in `process'\n/home/vinao/.rvm/gems/ruby-3.2.3/gems/actionpack-8.0.4/lib/action_dispatch/testing/integration.rb:19:in `get'\n/home/vinao/.rvm/gems/ruby-3.2.3/gems/actionpack-8.0.4/lib/action_dispatch/testing/integration.rb:388:in `get'\n/home/vinao/workspace/ai9/backend/spec/requests/api/v1/partner/dashboard_spec.rb:32:in `block (3 levels) in <top (required)>'\n/home/vinao/.rvm/gems/ruby-3.2.3/gems/rspec-core-3.13.6/lib/rspec/core/example.rb:263:in `instance_exec'\n/home/vinao/.rvm/gems/ruby-3.2.3/gems/rspec-core-3.13.6/lib/rspec/core/example.rb:263:in `block in run'\n/home/vinao/.rvm/gems/ruby-3.2.3/gems/rspec-core-3.13.6/lib/rspec/core/example.rb:511:in `block in with_around_and_singleton_context_hooks'\n/home/vinao/.rvm/gems/ruby-3.2.3/gems/rspec-core-3.13.6/lib/rspec/core/example.rb:468:in `block in with_around_example_hooks'\n/home/vinao/.rvm/gems/ruby-3.2.3/gems/rspec-core-3.13.6/lib/rspec/core/hooks.rb:486:in `block in run'\n/home/vinao/.rvm/gems/ruby-3.2.3/gems/rspec-core-3.13.6/lib/rspec/core/hooks.rb:626:in `block in run_around_example_hooks_for'\n/home/vinao/.rvm/gems/ruby-3.2.3/gems/rspec-core-3.13.6/lib/rspec/core/example.rb:352:in `call'\n/home/vinao/.rvm/gems/ruby-3.2.3/gems/rspec-rails-8.0.2/lib/rspec/rails/adapters.rb:75:in `block (2 levels) in <module:MinitestLifecycleAdapter>'\n/home/vinao/.rvm/gems/ruby-3.2.3/gems/rspec-core-3.13.6/lib/rspec/core/example.rb:457:in `instance_exec'\n/home/vinao/.rvm/gems/ruby-3.2.3/gems/rspec-core-3.13.6/lib/rspec/core/example.rb:457:in `instance_exec'\n/home/vinao/.rvm/gems/ruby-3.2.3/gems/rspec-core-3.13.6/lib/rspec/core/hooks.rb:390:in `execute_with'\n/home/vinao/.rvm/gems/ruby-3.2.3/gems/rspec-core-3.13.6/lib/rspec/core/hooks.rb:628:in `block (2 levels) in run_around_example_hooks_for'\n/home/vinao/.rvm/gems/ruby-3.2.3/gems/rspec-core-3.13.6/lib/rspec/core/example.rb:352:in `call'\n/home/vinao/.rvm/gems/ruby-3.2.3/gems/webmock-3.26.1/lib/webmock/rspec.rb:39:in `block (2 levels) in <top (required)>'\n/home/vinao/.rvm/gems/ruby-3.2.3/gems/rspec-core-3.13.6/lib/rspec/core/example.rb:457:in `instance_exec'\n/home/vinao/.rvm/gems/ruby-3.2.3/gems/rspec-core-3.13.6/lib/rspec/core/example.rb:457:in `instance_exec'\n/home/vinao/.rvm/gems/ruby-3.2.3/gems/rspec-core-3.13.6/lib/rspec/core/hooks.rb:390:in `execute_with'\n/home/vinao/.rvm/gems/ruby-3.2.3/gems/rspec-core-3.13.6/lib/rspec/core/hooks.rb:628:in `block (2 levels) in run_around_example_hooks_for'\n/home/vinao/.rvm/gems/ruby-3.2.3/gems/rspec-core-3.13.6/lib/rspec/core/example.rb:352:in `call'\n/home/vinao/.rvm/gems/ruby-3.2.3/gems/rspec-core-3.13.6/lib/rspec/core/hooks.rb:629:in `run_around_example_hooks_for'\n/home/vinao/.rvm/gems/ruby-3.2.3/gems/rspec-core-3.13.6/lib/rspec/core/hooks.rb:486:in `run'\n/home/vinao/.rvm/gems/ruby-3.2.3/gems/rspec-core-3.13.6/lib/rspec/core/example.rb:468:in `with_around_example_hooks'\n/home/vinao/.rvm/gems/ruby-3.2.3/gems/rspec-core-3.13.6/lib/rspec/core/example.rb:511:in `with_around_and_singleton_context_hooks'\n/home/vinao/.rvm/gems/ruby-3.2.3/gems/rspec-core-3.13.6/lib/rspec/core/example.rb:259:in `run'\n/home/vinao/.rvm/gems/ruby-3.2.3/gems/rspec-core-3.13.6/lib/rspec/core/example_group.rb:653:in `block in run_examples'\n/home/vinao/.rvm/gems/ruby-3.2.3/gems/rspec-core-3.13.6/lib/rspec/core/example_group.rb:649:in `map'\n/home/vinao/.rvm/gems/ruby-3.2.3/gems/rspec-core-3.13.6/lib/rspec/core/example_group.rb:649:in `run_examples'\n/home/vinao/.rvm/gems/ruby-3.2.3/gems/rspec-core-3.13.6/lib/rspec/core/example_group.rb:614:in `run'\n/home/vinao/.rvm/gems/ruby-3.2.3/gems/rspec-core-3.13.6/lib/rspec/core/example_group.rb:615:in `block in run'\n/home/vinao/.rvm/gems/ruby-3.2.3/gems/rspec-core-3.13.6/lib/rspec/core/example_group.rb:615:in `map'\n/home/vinao/.rvm/gems/ruby-3.2.3/gems/rspec-core-3.13.6/lib/rspec/core/example_group.rb:615:in `run'\n/home/vinao/.rvm/gems/ruby-3.2.3/gems/rspec-core-3.13.6/lib/rspec/core/runner.rb:121:in `block (3 levels) in run_specs'\n/home/vinao/.rvm/gems/ruby-3.2.3/gems/rspec-core-3.13.6/lib/rspec/core/runner.rb:121:in `map'\n/home/vinao/.rvm/gems/ruby-3.2.3/gems/rspec-core-3.13.6/lib/rspec/core/runner.rb:121:in `block (2 levels) in run_specs'\n/home/vinao/.rvm/gems/ruby-3.2.3/gems/rspec-core-3.13.6/lib/rspec/core/configuration.rb:2097:in `with_suite_hooks'\n/home/vinao/.rvm/gems/ruby-3.2.3/gems/rspec-core-3.13.6/lib/rspec/core/runner.rb:116:in `block in run_specs'\n/home/vinao/.rvm/gems/ruby-3.2.3/gems/rspec-core-3.13.6/lib/rspec/core/reporter.rb:74:in `report'\n/home/vinao/.rvm/gems/ruby-3.2.3/gems/rspec-core-3.13.6/lib/rspec/core/runner.rb:115:in `run_specs'\n/home/vinao/.rvm/gems/ruby-3.2.3/gems/rspec-core-3.13.6/lib/rspec/core/runner.rb:89:in `run'\n/home/vinao/.rvm/gems/ruby-3.2.3/gems/rspec-core-3.13.6/lib/rspec/core/runner.rb:71:in `run'\n/home/vinao/.rvm/gems/ruby-3.2.3/gems/rspec-core-3.13.6/lib/rspec/core/runner.rb:45:in `invoke'\n/home/vinao/.rvm/gems/ruby-3.2.3/gems/rspec-core-3.13.6/exe/rspec:4:in `<top (required)>'\n/home/vinao/.rvm/gems/ruby-3.2.3/bin/rspec:25:in `load'\n/home/vinao/.rvm/gems/ruby-3.2.3/bin/rspec:25:in `<main>'\n/home/vinao/.rvm/gems/ruby-3.2.3/bin/ruby_executable_hooks:22:in `eval'\n/home/vinao/.rvm/gems/ruby-3.2.3/bin/ruby_executable_hooks:22:in `<main>'"}
FF

Failures:

  1) API V1 Partner Dashboard GET /api/v1/partner/stats returns partner statistics
     Failure/Error: expect(json['total_sales_count']).to eq(1) # Only confirmed sales

       expected: 1
            got: nil

       (compared using ==)
     # ./spec/requests/api/v1/partner/dashboard_spec.rb:23:in `block (3 levels) in <top (required)>'
     # /home/vinao/.rvm/gems/ruby-3.2.3/gems/webmock-3.26.1/lib/webmock/rspec.rb:39:in `block (2 levels) in <top (required)>'

  2) API V1 Partner Dashboard GET /api/v1/partner/sales returns list of sales
     Failure/Error: expect(response).to have_http_status(200)
       expected the response to have status code 200 but it was 500
     # ./spec/requests/api/v1/partner/dashboard_spec.rb:37:in `block (3 levels) in <top (required)>'
     # /home/vinao/.rvm/gems/ruby-3.2.3/gems/webmock-3.26.1/lib/webmock/rspec.rb:39:in `block (2 levels) in <top (required)>'

  3) API V1 Partner Dashboard GET /api/v1/partner/coupons returns list of coupons
     Failure/Error: expect(json.size).to eq(1)

       expected: 1
            got: 3

       (compared using ==)
     # ./spec/requests/api/v1/partner/dashboard_spec.rb:55:in `block (3 levels) in <top (required)>'
     # /home/vinao/.rvm/gems/ruby-3.2.3/gems/webmock-3.26.1/lib/webmock/rspec.rb:39:in `block (2 levels) in <top (required)>'

Finished in 0.86638 seconds (files took 2.2 seconds to load)
3 examples, 3 failures

Failed examples:

rspec ./spec/requests/api/v1/partner/dashboard_spec.rb:16 # API V1 Partner Dashboard GET /api/v1/partner/stats returns partner statistics
rspec ./spec/requests/api/v1/partner/dashboard_spec.rb:31 # API V1 Partner Dashboard GET /api/v1/partner/sales returns list of sales
rspec ./spec/requests/api/v1/partner/dashboard_spec.rb:49 # API V1 Partner Dashboard GET /api/v1/partner/coupons returns list of coupons

Coverage report generated for RSpec to /home/vinao/workspace/ai9/backend/coverage.
Line Coverage: 28.35% (2666 / 9404)
Stopped processing SimpleCov as a previous error not related to SimpleCov has been detected
